
> vite_react_shadcn_ts@0.0.0 build
> vite build

node.exe : 'vite' não é reconhecido como um comando interno
No linha:1 caractere:1
+ & "C:\Program Files\nodejs/node.exe" "C:\Program Files\nodejs/node_mo ...
+ ~~~~~~~~~~~~~~~~~~~~~~~~~~~~~~~~~~~~~~~~~~~~~~~~~~~~~~~~~~~~~~~~~~~~~
    + CategoryInfo              : NotSpeci    fied: ('vite' não     é re...comando i    nterno:String) []    , RemoteException
    + FullyQualifiedE    rrorId : NativeCo    mmandError
 
ou externo, um programa operável ou um arquivo em lotes.
